  蹂듭썝???꾨줈?앺듃瑜??뺤씤?섎뒗 以?..
  蹂듭썝??紐⑤뱺 ?꾨줈?앺듃媛 理쒖떊 ?곹깭?낅땲??
C:\Users\ssuny\Desktop\Cusor_data\Captain_SkillTree\CaptainSkillTree\Gui\SkillTreeUI.cs(230,110): warning CS8625: Null 由ы꽣?댁쓣 null???덉슜?섏? ?딅뒗 李몄“ ?뺤떇?쇰줈 蹂?섑븷 ???놁뒿?덈떎. [C:\Users\ssuny\Desktop\Cusor_data\Captain_SkillTree\CaptainSkillTree\Captain_SkillTree.csproj]
C:\Users\ssuny\Desktop\Cusor_data\Captain_SkillTree\CaptainSkillTree\SkillTree\SkillEffect.cs(1401,38): warning CS8603: 媛?ν븳 null 李몄“ 諛섑솚?낅땲?? [C:\Users\ssuny\Desktop\Cusor_data\Captain_SkillTree\CaptainSkillTree\Captain_SkillTree.csproj]
C:\Users\ssuny\Desktop\Cusor_data\Captain_SkillTree\CaptainSkillTree\Gui\SkillTreeZoomCntrl.cs(13,31): warning CS8618: null???덉슜?섏? ?딅뒗 ?꾨뱶 '_rectTransform'?(?? ?앹꽦?먮? 醫낅즺????null???꾨땶 媛믪쓣 ?ы븿?댁빞 ?⑸땲?? 'required' ?쒖젙?먮? 異붽??섍굅???꾨뱶??瑜? nullable濡??좎뼵?섎뒗 寃껋씠 醫뗭뒿?덈떎. [C:\Users\ssuny\Desktop\Cusor_data\Captain_SkillTree\CaptainSkillTree\Captain_SkillTree.csproj]
C:\Users\ssuny\Desktop\Cusor_data\Captain_SkillTree\CaptainSkillTree\SkillTree\SkillEffect.cs(1343,33): warning CS8600: null 由ы꽣???먮뒗 媛?ν븳 null 媛믪쓣 null???덉슜?섏? ?딅뒗 ?뺤떇?쇰줈 蹂?섑븯??以묒엯?덈떎. [C:\Users\ssuny\Desktop\Cusor_data\Captain_SkillTree\CaptainSkillTree\Captain_SkillTree.csproj]
C:\Users\ssuny\Desktop\Cusor_data\Captain_SkillTree\CaptainSkillTree\SkillTree\SkillEffect.cs(1412,36): warning CS8600: null 由ы꽣???먮뒗 媛?ν븳 null 媛믪쓣 null???덉슜?섏? ?딅뒗 ?뺤떇?쇰줈 蹂?섑븯??以묒엯?덈떎. [C:\Users\ssuny\Desktop\Cusor_data\Captain_SkillTree\CaptainSkillTree\Captain_SkillTree.csproj]
C:\Users\ssuny\Desktop\Cusor_data\Captain_SkillTree\CaptainSkillTree\SkillTree\SkillEffect.cs(114,35): error CS0021: []???ъ슜?섎뒗 ?몃뜳?깆쓣 'SkillEffect.SkillEffectData' ?뺤떇???앹뿉 ?곸슜?????놁뒿?덈떎. [C:\Users\ssuny\Desktop\Cusor_data\Captain_SkillTree\CaptainSkillTree\Captain_SkillTree.csproj]
C:\Users\ssuny\Desktop\Cusor_data\Captain_SkillTree\CaptainSkillTree\SkillTree\SkillNode.cs(9,23): warning CS8618: null???덉슜?섏? ?딅뒗 ?띿꽦 'Id'?(?? ?앹꽦?먮? 醫낅즺????null???꾨땶 媛믪쓣 ?ы븿?댁빞 ?⑸땲?? 'required' ?쒖젙?먮? 異붽??섍굅???띿꽦??瑜? nullable濡??좎뼵?섎뒗 寃껋씠 醫뗭뒿?덈떎. [C:\Users\ssuny\Desktop\Cusor_data\Captain_SkillTree\CaptainSkillTree\Captain_SkillTree.csproj]
C:\Users\ssuny\Desktop\Cusor_data\Captain_SkillTree\CaptainSkillTree\SkillTree\SkillNode.cs(10,23): warning CS8618: null???덉슜?섏? ?딅뒗 ?띿꽦 'Name'?(?? ?앹꽦?먮? 醫낅즺????null???꾨땶 媛믪쓣 ?ы븿?댁빞 ?⑸땲?? 'required' ?쒖젙?먮? 異붽??섍굅???띿꽦??瑜? nullable濡??좎뼵?섎뒗 寃껋씠 醫뗭뒿?덈떎. [C:\Users\ssuny\Desktop\Cusor_data\Captain_SkillTree\CaptainSkillTree\Captain_SkillTree.csproj]
C:\Users\ssuny\Desktop\Cusor_data\Captain_SkillTree\CaptainSkillTree\SkillTree\SkillNode.cs(11,23): warning CS8618: null???덉슜?섏? ?딅뒗 ?띿꽦 'Description'?(?? ?앹꽦?먮? 醫낅즺????null???꾨땶 媛믪쓣 ?ы븿?댁빞 ?⑸땲?? 'required' ?쒖젙?먮? 異붽??섍굅???띿꽦??瑜? nullable濡??좎뼵?섎뒗 寃껋씠 醫뗭뒿?덈떎. [C:\Users\ssuny\Desktop\Cusor_data\Captain_SkillTree\CaptainSkillTree\Captain_SkillTree.csproj]
C:\Users\ssuny\Desktop\Cusor_data\Captain_SkillTree\CaptainSkillTree\SkillTree\SkillNode.cs(15,33): warning CS8618: null???덉슜?섏? ?딅뒗 ?꾨뱶 'GetEffectValue'?(?? ?앹꽦?먮? 醫낅즺????null???꾨땶 媛믪쓣 ?ы븿?댁빞 ?⑸땲?? 'required' ?쒖젙?먮? 異붽??섍굅???꾨뱶??瑜? nullable濡??좎뼵?섎뒗 寃껋씠 醫뗭뒿?덈떎. [C:\Users\ssuny\Desktop\Cusor_data\Captain_SkillTree\CaptainSkillTree\Captain_SkillTree.csproj]
C:\Users\ssuny\Desktop\Cusor_data\Captain_SkillTree\CaptainSkillTree\SkillTree\SkillNode.cs(16,28): warning CS8618: null???덉슜?섏? ?딅뒗 ?꾨뱶 'ApplyEffect'?(?? ?앹꽦?먮? 醫낅즺????null???꾨땶 媛믪쓣 ?ы븿?댁빞 ?⑸땲?? 'required' ?쒖젙?먮? 異붽??섍굅???꾨뱶??瑜? nullable濡??좎뼵?섎뒗 寃껋씠 醫뗭뒿?덈떎. [C:\Users\ssuny\Desktop\Cusor_data\Captain_SkillTree\CaptainSkillTree\Captain_SkillTree.csproj]
C:\Users\ssuny\Desktop\Cusor_data\Captain_SkillTree\CaptainSkillTree\SkillTree\SkillNode.cs(19,23): warning CS8618: null???덉슜?섏? ?딅뒗 ?띿꽦 'Category'?(?? ?앹꽦?먮? 醫낅즺????null???꾨땶 媛믪쓣 ?ы븿?댁빞 ?⑸땲?? 'required' ?쒖젙?먮? 異붽??섍굅???띿꽦??瑜? nullable濡??좎뼵?섎뒗 寃껋씠 醫뗭뒿?덈떎. [C:\Users\ssuny\Desktop\Cusor_data\Captain_SkillTree\CaptainSkillTree\Captain_SkillTree.csproj]
C:\Users\ssuny\Desktop\Cusor_data\Captain_SkillTree\CaptainSkillTree\SkillTree\SkillNode.cs(20,23): warning CS8618: null???덉슜?섏? ?딅뒗 ?띿꽦 'IconName'?(?? ?앹꽦?먮? 醫낅즺????null???꾨땶 媛믪쓣 ?ы븿?댁빞 ?⑸땲?? 'required' ?쒖젙?먮? 異붽??섍굅???띿꽦??瑜? nullable濡??좎뼵?섎뒗 寃껋씠 醫뗭뒿?덈떎. [C:\Users\ssuny\Desktop\Cusor_data\Captain_SkillTree\CaptainSkillTree\Captain_SkillTree.csproj]
C:\Users\ssuny\Desktop\Cusor_data\Captain_SkillTree\CaptainSkillTree\SkillTree\SkillNode.cs(21,23): warning CS8618: null???덉슜?섏? ?딅뒗 ?띿꽦 'IconNameLocked'?(?? ?앹꽦?먮? 醫낅즺????null???꾨땶 媛믪쓣 ?ы븿?댁빞 ?⑸땲?? 'required' ?쒖젙?먮? 異붽??섍굅???띿꽦??瑜? nullable濡??좎뼵?섎뒗 寃껋씠 醫뗭뒿?덈떎. [C:\Users\ssuny\Desktop\Cusor_data\Captain_SkillTree\CaptainSkillTree\Captain_SkillTree.csproj]
C:\Users\ssuny\Desktop\Cusor_data\Captain_SkillTree\CaptainSkillTree\SkillTree\SkillNode.cs(22,23): warning CS8618: null???덉슜?섏? ?딅뒗 ?띿꽦 'IconNameUnlocked'?(?? ?앹꽦?먮? 醫낅즺????null???꾨땶 媛믪쓣 ?ы븿?댁빞 ?⑸땲?? 'required' ?쒖젙?먮? 異붽??섍굅???띿꽦??瑜? nullable濡??좎뼵?섎뒗 寃껋씠 醫뗭뒿?덈떎. [C:\Users\ssuny\Desktop\Cusor_data\Captain_SkillTree\CaptainSkillTree\Captain_SkillTree.csproj]
C:\Users\ssuny\Desktop\Cusor_data\Captain_SkillTree\CaptainSkillTree\Plugin.cs(94,41): warning CS8604: 'float NerveEnhancementSystem.GetCustomDodgeChance(Player player)'??留ㅺ컻 蹂??'player'?????媛?ν븳 null 李몄“ ?몄닔?낅땲?? [C:\Users\ssuny\Desktop\Cusor_data\Captain_SkillTree\CaptainSkillTree\Captain_SkillTree.csproj]
C:\Users\ssuny\Desktop\Cusor_data\Captain_SkillTree\CaptainSkillTree\Plugin.cs(122,47): warning CS8604: 'void NerveEnhancementSystem.TryApplyDodgeAndSpeedBuff(Player player)'??留ㅺ컻 蹂??'player'?????媛?ν븳 null 李몄“ ?몄닔?낅땲?? [C:\Users\ssuny\Desktop\Cusor_data\Captain_SkillTree\CaptainSkillTree\Captain_SkillTree.csproj]
C:\Users\ssuny\Desktop\Cusor_data\Captain_SkillTree\CaptainSkillTree\SkillTree\SkillTreeManager.cs(42,27): error CS0117: 'Debug'?먮뒗 'LogInfo'??????뺤쓽媛 ?ы븿?섏뼱 ?덉? ?딆뒿?덈떎. [C:\Users\ssuny\Desktop\Cusor_data\Captain_SkillTree\CaptainSkillTree\Captain_SkillTree.csproj]
C:\Users\ssuny\Desktop\Cusor_data\Captain_SkillTree\CaptainSkillTree\Gui\SkillTreeTooltip.cs(9,33): warning CS8618: null???덉슜?섏? ?딅뒗 ?꾨뱶 'titleText'?(?? ?앹꽦?먮? 醫낅즺????null???꾨땶 媛믪쓣 ?ы븿?댁빞 ?⑸땲?? 'required' ?쒖젙?먮? 異붽??섍굅???꾨뱶??瑜? nullable濡??좎뼵?섎뒗 寃껋씠 醫뗭뒿?덈떎. [C:\Users\ssuny\Desktop\Cusor_data\Captain_SkillTree\CaptainSkillTree\Captain_SkillTree.csproj]
C:\Users\ssuny\Desktop\Cusor_data\Captain_SkillTree\CaptainSkillTree\Gui\SkillTreeTooltip.cs(10,33): warning CS8618: null???덉슜?섏? ?딅뒗 ?꾨뱶 'descriptionText'?(?? ?앹꽦?먮? 醫낅즺????null???꾨땶 媛믪쓣 ?ы븿?댁빞 ?⑸땲?? 'required' ?쒖젙?먮? 異붽??섍굅???꾨뱶??瑜? nullable濡??좎뼵?섎뒗 寃껋씠 醫뗭뒿?덈떎. [C:\Users\ssuny\Desktop\Cusor_data\Captain_SkillTree\CaptainSkillTree\Captain_SkillTree.csproj]
C:\Users\ssuny\Desktop\Cusor_data\Captain_SkillTree\CaptainSkillTree\Gui\SkillTreeTooltip.cs(11,31): warning CS8618: null???덉슜?섏? ?딅뒗 ?꾨뱶 'rectTransform'?(?? ?앹꽦?먮? 醫낅즺????null???꾨땶 媛믪쓣 ?ы븿?댁빞 ?⑸땲?? 'required' ?쒖젙?먮? 異붽??섍굅???꾨뱶??瑜? nullable濡??좎뼵?섎뒗 寃껋씠 醫뗭뒿?덈떎. [C:\Users\ssuny\Desktop\Cusor_data\Captain_SkillTree\CaptainSkillTree\Captain_SkillTree.csproj]
C:\Users\ssuny\Desktop\Cusor_data\Captain_SkillTree\CaptainSkillTree\Gui\SkillTreeTooltip.cs(12,29): warning CS8618: null???덉슜?섏? ?딅뒗 ?꾨뱶 'canvasGroup'?(?? ?앹꽦?먮? 醫낅즺????null???꾨땶 媛믪쓣 ?ы븿?댁빞 ?⑸땲?? 'required' ?쒖젙?먮? 異붽??섍굅???꾨뱶??瑜? nullable濡??좎뼵?섎뒗 寃껋씠 醫뗭뒿?덈떎. [C:\Users\ssuny\Desktop\Cusor_data\Captain_SkillTree\CaptainSkillTree\Captain_SkillTree.csproj]
C:\Users\ssuny\Desktop\Cusor_data\Captain_SkillTree\CaptainSkillTree\Gui\SkillTreeUI.cs(44,31): warning CS8600: null 由ы꽣???먮뒗 媛?ν븳 null 媛믪쓣 null???덉슜?섏? ?딅뒗 ?뺤떇?쇰줈 蹂?섑븯??以묒엯?덈떎. [C:\Users\ssuny\Desktop\Cusor_data\Captain_SkillTree\CaptainSkillTree\Captain_SkillTree.csproj]
C:\Users\ssuny\Desktop\Cusor_data\Captain_SkillTree\CaptainSkillTree\SkillTree\SkillEffect.cs(1487,71): error CS1628: 臾대챸 硫붿꽌?? ?뚮떎 ?? 荑쇰━ ???먮뒗 濡쒖뺄 ?⑥닔 ?덉뿉?쒕뒗 ref, out ?먮뒗 in 留ㅺ컻 蹂??'hit'??瑜? ?ъ슜?????놁뒿?덈떎. [C:\Users\ssuny\Desktop\Cusor_data\Captain_SkillTree\CaptainSkillTree\Captain_SkillTree.csproj]
C:\Users\ssuny\Desktop\Cusor_data\Captain_SkillTree\CaptainSkillTree\Plugin.cs(467,35): warning CS8625: Null 由ы꽣?댁쓣 null???덉슜?섏? ?딅뒗 李몄“ ?뺤떇?쇰줈 蹂?섑븷 ???놁뒿?덈떎. [C:\Users\ssuny\Desktop\Cusor_data\Captain_SkillTree\CaptainSkillTree\Captain_SkillTree.csproj]
C:\Users\ssuny\Desktop\Cusor_data\Captain_SkillTree\CaptainSkillTree\Plugin.cs(472,33): warning CS8625: Null 由ы꽣?댁쓣 null???덉슜?섏? ?딅뒗 李몄“ ?뺤떇?쇰줈 蹂?섑븷 ???놁뒿?덈떎. [C:\Users\ssuny\Desktop\Cusor_data\Captain_SkillTree\CaptainSkillTree\Captain_SkillTree.csproj]
C:\Users\ssuny\Desktop\Cusor_data\Captain_SkillTree\CaptainSkillTree\Plugin.cs(477,36): warning CS8625: Null 由ы꽣?댁쓣 null???덉슜?섏? ?딅뒗 李몄“ ?뺤떇?쇰줈 蹂?섑븷 ???놁뒿?덈떎. [C:\Users\ssuny\Desktop\Cusor_data\Captain_SkillTree\CaptainSkillTree\Captain_SkillTree.csproj]
C:\Users\ssuny\Desktop\Cusor_data\Captain_SkillTree\CaptainSkillTree\Plugin.cs(500,40): warning CS8625: Null 由ы꽣?댁쓣 null???덉슜?섏? ?딅뒗 李몄“ ?뺤떇?쇰줈 蹂?섑븷 ???놁뒿?덈떎. [C:\Users\ssuny\Desktop\Cusor_data\Captain_SkillTree\CaptainSkillTree\Captain_SkillTree.csproj]
C:\Users\ssuny\Desktop\Cusor_data\Captain_SkillTree\CaptainSkillTree\SkillTree\SkillTreeManager.cs(115,27): error CS0117: 'Debug'?먮뒗 'LogInfo'??????뺤쓽媛 ?ы븿?섏뼱 ?덉? ?딆뒿?덈떎. [C:\Users\ssuny\Desktop\Cusor_data\Captain_SkillTree\CaptainSkillTree\Captain_SkillTree.csproj]
C:\Users\ssuny\Desktop\Cusor_data\Captain_SkillTree\CaptainSkillTree\SkillTree\SkillTreeManager.cs(137,39): error CS0117: 'Debug'?먮뒗 'LogInfo'??????뺤쓽媛 ?ы븿?섏뼱 ?덉? ?딆뒿?덈떎. [C:\Users\ssuny\Desktop\Cusor_data\Captain_SkillTree\CaptainSkillTree\Captain_SkillTree.csproj]
C:\Users\ssuny\Desktop\Cusor_data\Captain_SkillTree\CaptainSkillTree\SkillTree\SkillTreeManager.cs(159,35): error CS0117: 'Debug'?먮뒗 'LogInfo'??????뺤쓽媛 ?ы븿?섏뼱 ?덉? ?딆뒿?덈떎. [C:\Users\ssuny\Desktop\Cusor_data\Captain_SkillTree\CaptainSkillTree\Captain_SkillTree.csproj]
C:\Users\ssuny\Desktop\Cusor_data\Captain_SkillTree\CaptainSkillTree\SkillTree\SkillTreeManager.cs(180,31): error CS0117: 'Debug'?먮뒗 'LogInfo'??????뺤쓽媛 ?ы븿?섏뼱 ?덉? ?딆뒿?덈떎. [C:\Users\ssuny\Desktop\Cusor_data\Captain_SkillTree\CaptainSkillTree\Captain_SkillTree.csproj]
C:\Users\ssuny\Desktop\Cusor_data\Captain_SkillTree\CaptainSkillTree\Plugin.cs(521,20): warning CS8603: 媛?ν븳 null 李몄“ 諛섑솚?낅땲?? [C:\Users\ssuny\Desktop\Cusor_data\Captain_SkillTree\CaptainSkillTree\Captain_SkillTree.csproj]
C:\Users\ssuny\Desktop\Cusor_data\Captain_SkillTree\CaptainSkillTree\Plugin.cs(532,20): warning CS8603: 媛?ν븳 null 李몄“ 諛섑솚?낅땲?? [C:\Users\ssuny\Desktop\Cusor_data\Captain_SkillTree\CaptainSkillTree\Captain_SkillTree.csproj]
C:\Users\ssuny\Desktop\Cusor_data\Captain_SkillTree\CaptainSkillTree\Plugin.cs(543,20): warning CS8603: 媛?ν븳 null 李몄“ 諛섑솚?낅땲?? [C:\Users\ssuny\Desktop\Cusor_data\Captain_SkillTree\CaptainSkillTree\Captain_SkillTree.csproj]
C:\Users\ssuny\Desktop\Cusor_data\Captain_SkillTree\CaptainSkillTree\Plugin.cs(554,20): warning CS8603: 媛?ν븳 null 李몄“ 諛섑솚?낅땲?? [C:\Users\ssuny\Desktop\Cusor_data\Captain_SkillTree\CaptainSkillTree\Captain_SkillTree.csproj]
C:\Users\ssuny\Desktop\Cusor_data\Captain_SkillTree\CaptainSkillTree\Plugin.cs(566,20): warning CS8603: 媛?ν븳 null 李몄“ 諛섑솚?낅땲?? [C:\Users\ssuny\Desktop\Cusor_data\Captain_SkillTree\CaptainSkillTree\Captain_SkillTree.csproj]
C:\Users\ssuny\Desktop\Cusor_data\Captain_SkillTree\CaptainSkillTree\Plugin.cs(574,33): warning CS8625: Null 由ы꽣?댁쓣 null???덉슜?섏? ?딅뒗 李몄“ ?뺤떇?쇰줈 蹂?섑븷 ???놁뒿?덈떎. [C:\Users\ssuny\Desktop\Cusor_data\Captain_SkillTree\CaptainSkillTree\Captain_SkillTree.csproj]
C:\Users\ssuny\Desktop\Cusor_data\Captain_SkillTree\CaptainSkillTree\SkillTree\SkillTreeManager.cs(295,23): error CS0117: 'Debug'?먮뒗 'LogInfo'??????뺤쓽媛 ?ы븿?섏뼱 ?덉? ?딆뒿?덈떎. [C:\Users\ssuny\Desktop\Cusor_data\Captain_SkillTree\CaptainSkillTree\Captain_SkillTree.csproj]
C:\Users\ssuny\Desktop\Cusor_data\Captain_SkillTree\CaptainSkillTree\Plugin.cs(971,22): warning CS8602: null 媛??李몄“???????갭議곗엯?덈떎. [C:\Users\ssuny\Desktop\Cusor_data\Captain_SkillTree\CaptainSkillTree\Captain_SkillTree.csproj]
C:\Users\ssuny\Desktop\Cusor_data\Captain_SkillTree\CaptainSkillTree\Plugin.cs(131,55): warning CS8618: null???덉슜?섏? ?딅뒗 ?꾨뱶 'Log'?(?? ?앹꽦?먮? 醫낅즺????null???꾨땶 媛믪쓣 ?ы븿?댁빞 ?⑸땲?? 'required' ?쒖젙?먮? 異붽??섍굅???꾨뱶??瑜? nullable濡??좎뼵?섎뒗 寃껋씠 醫뗭뒿?덈떎. [C:\Users\ssuny\Desktop\Cusor_data\Captain_SkillTree\CaptainSkillTree\Captain_SkillTree.csproj]
C:\Users\ssuny\Desktop\Cusor_data\Captain_SkillTree\CaptainSkillTree\Plugin.cs(132,35): warning CS8618: null???덉슜?섏? ?딅뒗 ?꾨뱶 'skillTreeIconObj'?(?? ?앹꽦?먮? 醫낅즺????null???꾨땶 媛믪쓣 ?ы븿?댁빞 ?⑸땲?? 'required' ?쒖젙?먮? 異붽??섍굅???꾨뱶??瑜? nullable濡??좎뼵?섎뒗 寃껋씠 醫뗭뒿?덈떎. [C:\Users\ssuny\Desktop\Cusor_data\Captain_SkillTree\CaptainSkillTree\Captain_SkillTree.csproj]
C:\Users\ssuny\Desktop\Cusor_data\Captain_SkillTree\CaptainSkillTree\Plugin.cs(133,31): warning CS8618: null???덉슜?섏? ?딅뒗 ?꾨뱶 'swordIcon'?(?? ?앹꽦?먮? 醫낅즺????null???꾨땶 媛믪쓣 ?ы븿?댁빞 ?⑸땲?? 'required' ?쒖젙?먮? 異붽??섍굅???꾨뱶??瑜? nullable濡??좎뼵?섎뒗 寃껋씠 醫뗭뒿?덈떎. [C:\Users\ssuny\Desktop\Cusor_data\Captain_SkillTree\CaptainSkillTree\Captain_SkillTree.csproj]
C:\Users\ssuny\Desktop\Cusor_data\Captain_SkillTree\CaptainSkillTree\Plugin.cs(134,36): warning CS8618: null???덉슜?섏? ?딅뒗 ?꾨뱶 'iconAssetBundle'?(?? ?앹꽦?먮? 醫낅즺????null???꾨땶 媛믪쓣 ?ы븿?댁빞 ?⑸땲?? 'required' ?쒖젙?먮? 異붽??섍굅???꾨뱶??瑜? nullable濡??좎뼵?섎뒗 寃껋씠 醫뗭뒿?덈떎. [C:\Users\ssuny\Desktop\Cusor_data\Captain_SkillTree\CaptainSkillTree\Captain_SkillTree.csproj]
C:\Users\ssuny\Desktop\Cusor_data\Captain_SkillTree\CaptainSkillTree\Plugin.cs(135,36): warning CS8618: null???덉슜?섏? ?딅뒗 ?꾨뱶 'uiAssetBundle'?(?? ?앹꽦?먮? 醫낅즺????null???꾨땶 媛믪쓣 ?ы븿?댁빞 ?⑸땲?? 'required' ?쒖젙?먮? 異붽??섍굅???꾨뱶??瑜? nullable濡??좎뼵?섎뒗 寃껋씠 醫뗭뒿?덈떎. [C:\Users\ssuny\Desktop\Cusor_data\Captain_SkillTree\CaptainSkillTree\Captain_SkillTree.csproj]
C:\Users\ssuny\Desktop\Cusor_data\Captain_SkillTree\CaptainSkillTree\Plugin.cs(136,36): warning CS8618: null???덉슜?섏? ?딅뒗 ?꾨뱶 'xButtonBundle'?(?? ?앹꽦?먮? 醫낅즺????null???꾨땶 媛믪쓣 ?ы븿?댁빞 ?⑸땲?? 'required' ?쒖젙?먮? 異붽??섍굅???꾨뱶??瑜? nullable濡??좎뼵?섎뒗 寃껋씠 醫뗭뒿?덈떎. [C:\Users\ssuny\Desktop\Cusor_data\Captain_SkillTree\CaptainSkillTree\Captain_SkillTree.csproj]
C:\Users\ssuny\Desktop\Cusor_data\Captain_SkillTree\CaptainSkillTree\Plugin.cs(137,36): warning CS8618: null???덉슜?섏? ?딅뒗 ?꾨뱶 'customIconBundle'?(?? ?앹꽦?먮? 醫낅즺????null???꾨땶 媛믪쓣 ?ы븿?댁빞 ?⑸땲?? 'required' ?쒖젙?먮? 異붽??섍굅???꾨뱶??瑜? nullable濡??좎뼵?섎뒗 寃껋씠 醫뗭뒿?덈떎. [C:\Users\ssuny\Desktop\Cusor_data\Captain_SkillTree\CaptainSkillTree\Captain_SkillTree.csproj]
C:\Users\ssuny\Desktop\Cusor_data\Captain_SkillTree\CaptainSkillTree\Plugin.cs(138,36): warning CS8618: null???덉슜?섏? ?딅뒗 ?꾨뱶 'tauntEffectsBundle'?(?? ?앹꽦?먮? 醫낅즺????null???꾨땶 媛믪쓣 ?ы븿?댁빞 ?⑸땲?? 'required' ?쒖젙?먮? 異붽??섍굅???꾨뱶??瑜? nullable濡??좎뼵?섎뒗 寃껋씠 醫뗭뒿?덈떎. [C:\Users\ssuny\Desktop\Cusor_data\Captain_SkillTree\CaptainSkillTree\Captain_SkillTree.csproj]
C:\Users\ssuny\Desktop\Cusor_data\Captain_SkillTree\CaptainSkillTree\Plugin.cs(140,57): warning CS8618: null???덉슜?섏? ?딅뒗 ?꾨뱶 'skillTreeUI'?(?? ?앹꽦?먮? 醫낅즺????null???꾨땶 媛믪쓣 ?ы븿?댁빞 ?⑸땲?? 'required' ?쒖젙?먮? 異붽??섍굅???꾨뱶??瑜? nullable濡??좎뼵?섎뒗 寃껋씠 醫뗭뒿?덈떎. [C:\Users\ssuny\Desktop\Cusor_data\Captain_SkillTree\CaptainSkillTree\Captain_SkillTree.csproj]
C:\Users\ssuny\Desktop\Cusor_data\Captain_SkillTree\CaptainSkillTree\Plugin.cs(141,31): warning CS8618: null???덉슜?섏? ?딅뒗 ?꾨뱶 'customSkillTreeIcon'?(?? ?앹꽦?먮? 醫낅즺????null???꾨땶 媛믪쓣 ?ы븿?댁빞 ?⑸땲?? 'required' ?쒖젙?먮? 異붽??섍굅???꾨뱶??瑜? nullable濡??좎뼵?섎뒗 寃껋씠 醫뗭뒿?덈떎. [C:\Users\ssuny\Desktop\Cusor_data\Captain_SkillTree\CaptainSkillTree\Captain_SkillTree.csproj]
C:\Users\ssuny\Desktop\Cusor_data\Captain_SkillTree\CaptainSkillTree\SkillTree\SkillEffect.cs(439,48): warning CS8600: null 由ы꽣???먮뒗 媛?ν븳 null 媛믪쓣 null???덉슜?섏? ?딅뒗 ?뺤떇?쇰줈 蹂?섑븯??以묒엯?덈떎. [C:\Users\ssuny\Desktop\Cusor_data\Captain_SkillTree\CaptainSkillTree\Captain_SkillTree.csproj]
C:\Users\ssuny\Desktop\Cusor_data\Captain_SkillTree\CaptainSkillTree\Gui\SkillTreeUI.cs(357,39): warning CS8600: null 由ы꽣???먮뒗 媛?ν븳 null 媛믪쓣 null???덉슜?섏? ?딅뒗 ?뺤떇?쇰줈 蹂?섑븯??以묒엯?덈떎. [C:\Users\ssuny\Desktop\Cusor_data\Captain_SkillTree\CaptainSkillTree\Captain_SkillTree.csproj]
C:\Users\ssuny\Desktop\Cusor_data\Captain_SkillTree\CaptainSkillTree\Gui\SkillTreeUI.cs(361,32): warning CS8602: null 媛??李몄“???????갭議곗엯?덈떎. [C:\Users\ssuny\Desktop\Cusor_data\Captain_SkillTree\CaptainSkillTree\Captain_SkillTree.csproj]
C:\Users\ssuny\Desktop\Cusor_data\Captain_SkillTree\CaptainSkillTree\SkillTree\SkillEffect.cs(824,41): error CS1069: ?ㅼ엫?ㅽ럹?댁뒪 'UnityEngine'???뺤떇 ?대쫫 'Rigidbody'??媛) ?놁뒿?덈떎. ???뺤떇? 'UnityEngine.PhysicsModule, Version=0.0.0.0, Culture=neutral, PublicKeyToken=null' ?댁뀍釉붾━???꾨떖?섏뿀?듬땲?? ?대떦 ?댁뀍釉붾━?????李몄“瑜?異붽??섏꽭?? [C:\Users\ssuny\Desktop\Cusor_data\Captain_SkillTree\CaptainSkillTree\Captain_SkillTree.csproj]
C:\Users\ssuny\Desktop\Cusor_data\Captain_SkillTree\CaptainSkillTree\SkillTree\SkillEffect.cs(826,41): error CS1069: ?ㅼ엫?ㅽ럹?댁뒪 'UnityEngine'???뺤떇 ?대쫫 'Rigidbody'??媛) ?놁뒿?덈떎. ???뺤떇? 'UnityEngine.PhysicsModule, Version=0.0.0.0, Culture=neutral, PublicKeyToken=null' ?댁뀍釉붾━???꾨떖?섏뿀?듬땲?? ?대떦 ?댁뀍釉붾━?????李몄“瑜?異붽??섏꽭?? [C:\Users\ssuny\Desktop\Cusor_data\Captain_SkillTree\CaptainSkillTree\Captain_SkillTree.csproj]
C:\Users\ssuny\Desktop\Cusor_data\Captain_SkillTree\CaptainSkillTree\SkillTree\SkillEffect.cs(826,79): error CS0103: 'ForceMode' ?대쫫???꾩옱 而⑦뀓?ㅽ듃???놁뒿?덈떎. [C:\Users\ssuny\Desktop\Cusor_data\Captain_SkillTree\CaptainSkillTree\Captain_SkillTree.csproj]
C:\Users\ssuny\Desktop\Cusor_data\Captain_SkillTree\CaptainSkillTree\Gui\SkillTreeUI.cs(577,20): warning CS8603: 媛?ν븳 null 李몄“ 諛섑솚?낅땲?? [C:\Users\ssuny\Desktop\Cusor_data\Captain_SkillTree\CaptainSkillTree\Captain_SkillTree.csproj]
C:\Users\ssuny\Desktop\Cusor_data\Captain_SkillTree\CaptainSkillTree\Gui\SkillTreeUI.cs(642,13): warning CS8602: null 媛??李몄“???????갭議곗엯?덈떎. [C:\Users\ssuny\Desktop\Cusor_data\Captain_SkillTree\CaptainSkillTree\Captain_SkillTree.csproj]
C:\Users\ssuny\Desktop\Cusor_data\Captain_SkillTree\CaptainSkillTree\Gui\SkillTreeUI.cs(643,13): warning CS8602: null 媛??李몄“???????갭議곗엯?덈떎. [C:\Users\ssuny\Desktop\Cusor_data\Captain_SkillTree\CaptainSkillTree\Captain_SkillTree.csproj]
C:\Users\ssuny\Desktop\Cusor_data\Captain_SkillTree\CaptainSkillTree\Gui\SkillTreeUI.cs(688,31): warning CS8600: null 由ы꽣???먮뒗 媛?ν븳 null 媛믪쓣 null???덉슜?섏? ?딅뒗 ?뺤떇?쇰줈 蹂?섑븯??以묒엯?덈떎. [C:\Users\ssuny\Desktop\Cusor_data\Captain_SkillTree\CaptainSkillTree\Captain_SkillTree.csproj]
C:\Users\ssuny\Desktop\Cusor_data\Captain_SkillTree\CaptainSkillTree\Gui\SkillTreeUI.cs(703,21): warning CS8602: null 媛??李몄“???????갭議곗엯?덈떎. [C:\Users\ssuny\Desktop\Cusor_data\Captain_SkillTree\CaptainSkillTree\Captain_SkillTree.csproj]
C:\Users\ssuny\Desktop\Cusor_data\Captain_SkillTree\CaptainSkillTree\SkillTree\SkillEffect.cs(1200,67): warning CS8625: Null 由ы꽣?댁쓣 null???덉슜?섏? ?딅뒗 李몄“ ?뺤떇?쇰줈 蹂?섑븷 ???놁뒿?덈떎. [C:\Users\ssuny\Desktop\Cusor_data\Captain_SkillTree\CaptainSkillTree\Captain_SkillTree.csproj]
C:\Users\ssuny\Desktop\Cusor_data\Captain_SkillTree\CaptainSkillTree\SkillTree\SkillTreeData.cs(864,29): warning CS8600: null 由ы꽣???먮뒗 媛?ν븳 null 媛믪쓣 null???덉슜?섏? ?딅뒗 ?뺤떇?쇰줈 蹂?섑븯??以묒엯?덈떎. [C:\Users\ssuny\Desktop\Cusor_data\Captain_SkillTree\CaptainSkillTree\Captain_SkillTree.csproj]
C:\Users\ssuny\Desktop\Cusor_data\Captain_SkillTree\CaptainSkillTree\SkillTree\SkillTreeManager.cs(20,29): warning CS0414: 'SkillTreeManager._dataIntegrityChecked' ?꾨뱶媛 ?좊떦?섏뿀吏留??ъ슜?섏? ?딆븯?듬땲?? [C:\Users\ssuny\Desktop\Cusor_data\Captain_SkillTree\CaptainSkillTree\Captain_SkillTree.csproj]

鍮뚮뱶?섏? 紐삵뻽?듬땲??

C:\Users\ssuny\Desktop\Cusor_data\Captain_SkillTree\CaptainSkillTree\Gui\SkillTreeUI.cs(230,110): warning CS8625: Null 由ы꽣?댁쓣 null???덉슜?섏? ?딅뒗 李몄“ ?뺤떇?쇰줈 蹂?섑븷 ???놁뒿?덈떎. [C:\Users\ssuny\Desktop\Cusor_data\Captain_SkillTree\CaptainSkillTree\Captain_SkillTree.csproj]
C:\Users\ssuny\Desktop\Cusor_data\Captain_SkillTree\CaptainSkillTree\SkillTree\SkillEffect.cs(1401,38): warning CS8603: 媛?ν븳 null 李몄“ 諛섑솚?낅땲?? [C:\Users\ssuny\Desktop\Cusor_data\Captain_SkillTree\CaptainSkillTree\Captain_SkillTree.csproj]
C:\Users\ssuny\Desktop\Cusor_data\Captain_SkillTree\CaptainSkillTree\Gui\SkillTreeZoomCntrl.cs(13,31): warning CS8618: null???덉슜?섏? ?딅뒗 ?꾨뱶 '_rectTransform'?(?? ?앹꽦?먮? 醫낅즺????null???꾨땶 媛믪쓣 ?ы븿?댁빞 ?⑸땲?? 'required' ?쒖젙?먮? 異붽??섍굅???꾨뱶??瑜? nullable濡??좎뼵?섎뒗 寃껋씠 醫뗭뒿?덈떎. [C:\Users\ssuny\Desktop\Cusor_data\Captain_SkillTree\CaptainSkillTree\Captain_SkillTree.csproj]
C:\Users\ssuny\Desktop\Cusor_data\Captain_SkillTree\CaptainSkillTree\SkillTree\SkillEffect.cs(1343,33): warning CS8600: null 由ы꽣???먮뒗 媛?ν븳 null 媛믪쓣 null???덉슜?섏? ?딅뒗 ?뺤떇?쇰줈 蹂?섑븯??以묒엯?덈떎. [C:\Users\ssuny\Desktop\Cusor_data\Captain_SkillTree\CaptainSkillTree\Captain_SkillTree.csproj]
C:\Users\ssuny\Desktop\Cusor_data\Captain_SkillTree\CaptainSkillTree\SkillTree\SkillEffect.cs(1412,36): warning CS8600: null 由ы꽣???먮뒗 媛?ν븳 null 媛믪쓣 null???덉슜?섏? ?딅뒗 ?뺤떇?쇰줈 蹂?섑븯??以묒엯?덈떎. [C:\Users\ssuny\Desktop\Cusor_data\Captain_SkillTree\CaptainSkillTree\Captain_SkillTree.csproj]
C:\Users\ssuny\Desktop\Cusor_data\Captain_SkillTree\CaptainSkillTree\SkillTree\SkillNode.cs(9,23): warning CS8618: null???덉슜?섏? ?딅뒗 ?띿꽦 'Id'?(?? ?앹꽦?먮? 醫낅즺????null???꾨땶 媛믪쓣 ?ы븿?댁빞 ?⑸땲?? 'required' ?쒖젙?먮? 異붽??섍굅???띿꽦??瑜? nullable濡??좎뼵?섎뒗 寃껋씠 醫뗭뒿?덈떎. [C:\Users\ssuny\Desktop\Cusor_data\Captain_SkillTree\CaptainSkillTree\Captain_SkillTree.csproj]
C:\Users\ssuny\Desktop\Cusor_data\Captain_SkillTree\CaptainSkillTree\SkillTree\SkillNode.cs(10,23): warning CS8618: null???덉슜?섏? ?딅뒗 ?띿꽦 'Name'?(?? ?앹꽦?먮? 醫낅즺????null???꾨땶 媛믪쓣 ?ы븿?댁빞 ?⑸땲?? 'required' ?쒖젙?먮? 異붽??섍굅???띿꽦??瑜? nullable濡??좎뼵?섎뒗 寃껋씠 醫뗭뒿?덈떎. [C:\Users\ssuny\Desktop\Cusor_data\Captain_SkillTree\CaptainSkillTree\Captain_SkillTree.csproj]
C:\Users\ssuny\Desktop\Cusor_data\Captain_SkillTree\CaptainSkillTree\SkillTree\SkillNode.cs(11,23): warning CS8618: null???덉슜?섏? ?딅뒗 ?띿꽦 'Description'?(?? ?앹꽦?먮? 醫낅즺????null???꾨땶 媛믪쓣 ?ы븿?댁빞 ?⑸땲?? 'required' ?쒖젙?먮? 異붽??섍굅???띿꽦??瑜? nullable濡??좎뼵?섎뒗 寃껋씠 醫뗭뒿?덈떎. [C:\Users\ssuny\Desktop\Cusor_data\Captain_SkillTree\CaptainSkillTree\Captain_SkillTree.csproj]
C:\Users\ssuny\Desktop\Cusor_data\Captain_SkillTree\CaptainSkillTree\SkillTree\SkillNode.cs(15,33): warning CS8618: null???덉슜?섏? ?딅뒗 ?꾨뱶 'GetEffectValue'?(?? ?앹꽦?먮? 醫낅즺????null???꾨땶 媛믪쓣 ?ы븿?댁빞 ?⑸땲?? 'required' ?쒖젙?먮? 異붽??섍굅???꾨뱶??瑜? nullable濡??좎뼵?섎뒗 寃껋씠 醫뗭뒿?덈떎. [C:\Users\ssuny\Desktop\Cusor_data\Captain_SkillTree\CaptainSkillTree\Captain_SkillTree.csproj]
C:\Users\ssuny\Desktop\Cusor_data\Captain_SkillTree\CaptainSkillTree\SkillTree\SkillNode.cs(16,28): warning CS8618: null???덉슜?섏? ?딅뒗 ?꾨뱶 'ApplyEffect'?(?? ?앹꽦?먮? 醫낅즺????null???꾨땶 媛믪쓣 ?ы븿?댁빞 ?⑸땲?? 'required' ?쒖젙?먮? 異붽??섍굅???꾨뱶??瑜? nullable濡??좎뼵?섎뒗 寃껋씠 醫뗭뒿?덈떎. [C:\Users\ssuny\Desktop\Cusor_data\Captain_SkillTree\CaptainSkillTree\Captain_SkillTree.csproj]
C:\Users\ssuny\Desktop\Cusor_data\Captain_SkillTree\CaptainSkillTree\SkillTree\SkillNode.cs(19,23): warning CS8618: null???덉슜?섏? ?딅뒗 ?띿꽦 'Category'?(?? ?앹꽦?먮? 醫낅즺????null???꾨땶 媛믪쓣 ?ы븿?댁빞 ?⑸땲?? 'required' ?쒖젙?먮? 異붽??섍굅???띿꽦??瑜? nullable濡??좎뼵?섎뒗 寃껋씠 醫뗭뒿?덈떎. [C:\Users\ssuny\Desktop\Cusor_data\Captain_SkillTree\CaptainSkillTree\Captain_SkillTree.csproj]
C:\Users\ssuny\Desktop\Cusor_data\Captain_SkillTree\CaptainSkillTree\SkillTree\SkillNode.cs(20,23): warning CS8618: null???덉슜?섏? ?딅뒗 ?띿꽦 'IconName'?(?? ?앹꽦?먮? 醫낅즺????null???꾨땶 媛믪쓣 ?ы븿?댁빞 ?⑸땲?? 'required' ?쒖젙?먮? 異붽??섍굅???띿꽦??瑜? nullable濡??좎뼵?섎뒗 寃껋씠 醫뗭뒿?덈떎. [C:\Users\ssuny\Desktop\Cusor_data\Captain_SkillTree\CaptainSkillTree\Captain_SkillTree.csproj]
C:\Users\ssuny\Desktop\Cusor_data\Captain_SkillTree\CaptainSkillTree\SkillTree\SkillNode.cs(21,23): warning CS8618: null???덉슜?섏? ?딅뒗 ?띿꽦 'IconNameLocked'?(?? ?앹꽦?먮? 醫낅즺????null???꾨땶 媛믪쓣 ?ы븿?댁빞 ?⑸땲?? 'required' ?쒖젙?먮? 異붽??섍굅???띿꽦??瑜? nullable濡??좎뼵?섎뒗 寃껋씠 醫뗭뒿?덈떎. [C:\Users\ssuny\Desktop\Cusor_data\Captain_SkillTree\CaptainSkillTree\Captain_SkillTree.csproj]
C:\Users\ssuny\Desktop\Cusor_data\Captain_SkillTree\CaptainSkillTree\SkillTree\SkillNode.cs(22,23): warning CS8618: null???덉슜?섏? ?딅뒗 ?띿꽦 'IconNameUnlocked'?(?? ?앹꽦?먮? 醫낅즺????null???꾨땶 媛믪쓣 ?ы븿?댁빞 ?⑸땲?? 'required' ?쒖젙?먮? 異붽??섍굅???띿꽦??瑜? nullable濡??좎뼵?섎뒗 寃껋씠 醫뗭뒿?덈떎. [C:\Users\ssuny\Desktop\Cusor_data\Captain_SkillTree\CaptainSkillTree\Captain_SkillTree.csproj]
C:\Users\ssuny\Desktop\Cusor_data\Captain_SkillTree\CaptainSkillTree\Plugin.cs(94,41): warning CS8604: 'float NerveEnhancementSystem.GetCustomDodgeChance(Player player)'??留ㅺ컻 蹂??'player'?????媛?ν븳 null 李몄“ ?몄닔?낅땲?? [C:\Users\ssuny\Desktop\Cusor_data\Captain_SkillTree\CaptainSkillTree\Captain_SkillTree.csproj]
C:\Users\ssuny\Desktop\Cusor_data\Captain_SkillTree\CaptainSkillTree\Plugin.cs(122,47): warning CS8604: 'void NerveEnhancementSystem.TryApplyDodgeAndSpeedBuff(Player player)'??留ㅺ컻 蹂??'player'?????媛?ν븳 null 李몄“ ?몄닔?낅땲?? [C:\Users\ssuny\Desktop\Cusor_data\Captain_SkillTree\CaptainSkillTree\Captain_SkillTree.csproj]
C:\Users\ssuny\Desktop\Cusor_data\Captain_SkillTree\CaptainSkillTree\Gui\SkillTreeTooltip.cs(9,33): warning CS8618: null???덉슜?섏? ?딅뒗 ?꾨뱶 'titleText'?(?? ?앹꽦?먮? 醫낅즺????null???꾨땶 媛믪쓣 ?ы븿?댁빞 ?⑸땲?? 'required' ?쒖젙?먮? 異붽??섍굅???꾨뱶??瑜? nullable濡??좎뼵?섎뒗 寃껋씠 醫뗭뒿?덈떎. [C:\Users\ssuny\Desktop\Cusor_data\Captain_SkillTree\CaptainSkillTree\Captain_SkillTree.csproj]
C:\Users\ssuny\Desktop\Cusor_data\Captain_SkillTree\CaptainSkillTree\Gui\SkillTreeTooltip.cs(10,33): warning CS8618: null???덉슜?섏? ?딅뒗 ?꾨뱶 'descriptionText'?(?? ?앹꽦?먮? 醫낅즺????null???꾨땶 媛믪쓣 ?ы븿?댁빞 ?⑸땲?? 'required' ?쒖젙?먮? 異붽??섍굅???꾨뱶??瑜? nullable濡??좎뼵?섎뒗 寃껋씠 醫뗭뒿?덈떎. [C:\Users\ssuny\Desktop\Cusor_data\Captain_SkillTree\CaptainSkillTree\Captain_SkillTree.csproj]
C:\Users\ssuny\Desktop\Cusor_data\Captain_SkillTree\CaptainSkillTree\Gui\SkillTreeTooltip.cs(11,31): warning CS8618: null???덉슜?섏? ?딅뒗 ?꾨뱶 'rectTransform'?(?? ?앹꽦?먮? 醫낅즺????null???꾨땶 媛믪쓣 ?ы븿?댁빞 ?⑸땲?? 'required' ?쒖젙?먮? 異붽??섍굅???꾨뱶??瑜? nullable濡??좎뼵?섎뒗 寃껋씠 醫뗭뒿?덈떎. [C:\Users\ssuny\Desktop\Cusor_data\Captain_SkillTree\CaptainSkillTree\Captain_SkillTree.csproj]
C:\Users\ssuny\Desktop\Cusor_data\Captain_SkillTree\CaptainSkillTree\Gui\SkillTreeTooltip.cs(12,29): warning CS8618: null???덉슜?섏? ?딅뒗 ?꾨뱶 'canvasGroup'?(?? ?앹꽦?먮? 醫낅즺????null???꾨땶 媛믪쓣 ?ы븿?댁빞 ?⑸땲?? 'required' ?쒖젙?먮? 異붽??섍굅???꾨뱶??瑜? nullable濡??좎뼵?섎뒗 寃껋씠 醫뗭뒿?덈떎. [C:\Users\ssuny\Desktop\Cusor_data\Captain_SkillTree\CaptainSkillTree\Captain_SkillTree.csproj]
C:\Users\ssuny\Desktop\Cusor_data\Captain_SkillTree\CaptainSkillTree\Gui\SkillTreeUI.cs(44,31): warning CS8600: null 由ы꽣???먮뒗 媛?ν븳 null 媛믪쓣 null???덉슜?섏? ?딅뒗 ?뺤떇?쇰줈 蹂?섑븯??以묒엯?덈떎. [C:\Users\ssuny\Desktop\Cusor_data\Captain_SkillTree\CaptainSkillTree\Captain_SkillTree.csproj]
C:\Users\ssuny\Desktop\Cusor_data\Captain_SkillTree\CaptainSkillTree\Plugin.cs(467,35): warning CS8625: Null 由ы꽣?댁쓣 null???덉슜?섏? ?딅뒗 李몄“ ?뺤떇?쇰줈 蹂?섑븷 ???놁뒿?덈떎. [C:\Users\ssuny\Desktop\Cusor_data\Captain_SkillTree\CaptainSkillTree\Captain_SkillTree.csproj]
C:\Users\ssuny\Desktop\Cusor_data\Captain_SkillTree\CaptainSkillTree\Plugin.cs(472,33): warning CS8625: Null 由ы꽣?댁쓣 null???덉슜?섏? ?딅뒗 李몄“ ?뺤떇?쇰줈 蹂?섑븷 ???놁뒿?덈떎. [C:\Users\ssuny\Desktop\Cusor_data\Captain_SkillTree\CaptainSkillTree\Captain_SkillTree.csproj]
C:\Users\ssuny\Desktop\Cusor_data\Captain_SkillTree\CaptainSkillTree\Plugin.cs(477,36): warning CS8625: Null 由ы꽣?댁쓣 null???덉슜?섏? ?딅뒗 李몄“ ?뺤떇?쇰줈 蹂?섑븷 ???놁뒿?덈떎. [C:\Users\ssuny\Desktop\Cusor_data\Captain_SkillTree\CaptainSkillTree\Captain_SkillTree.csproj]
C:\Users\ssuny\Desktop\Cusor_data\Captain_SkillTree\CaptainSkillTree\Plugin.cs(500,40): warning CS8625: Null 由ы꽣?댁쓣 null???덉슜?섏? ?딅뒗 李몄“ ?뺤떇?쇰줈 蹂?섑븷 ???놁뒿?덈떎. [C:\Users\ssuny\Desktop\Cusor_data\Captain_SkillTree\CaptainSkillTree\Captain_SkillTree.csproj]
C:\Users\ssuny\Desktop\Cusor_data\Captain_SkillTree\CaptainSkillTree\Plugin.cs(521,20): warning CS8603: 媛?ν븳 null 李몄“ 諛섑솚?낅땲?? [C:\Users\ssuny\Desktop\Cusor_data\Captain_SkillTree\CaptainSkillTree\Captain_SkillTree.csproj]
C:\Users\ssuny\Desktop\Cusor_data\Captain_SkillTree\CaptainSkillTree\Plugin.cs(532,20): warning CS8603: 媛?ν븳 null 李몄“ 諛섑솚?낅땲?? [C:\Users\ssuny\Desktop\Cusor_data\Captain_SkillTree\CaptainSkillTree\Captain_SkillTree.csproj]
C:\Users\ssuny\Desktop\Cusor_data\Captain_SkillTree\CaptainSkillTree\Plugin.cs(543,20): warning CS8603: 媛?ν븳 null 李몄“ 諛섑솚?낅땲?? [C:\Users\ssuny\Desktop\Cusor_data\Captain_SkillTree\CaptainSkillTree\Captain_SkillTree.csproj]
C:\Users\ssuny\Desktop\Cusor_data\Captain_SkillTree\CaptainSkillTree\Plugin.cs(554,20): warning CS8603: 媛?ν븳 null 李몄“ 諛섑솚?낅땲?? [C:\Users\ssuny\Desktop\Cusor_data\Captain_SkillTree\CaptainSkillTree\Captain_SkillTree.csproj]
C:\Users\ssuny\Desktop\Cusor_data\Captain_SkillTree\CaptainSkillTree\Plugin.cs(566,20): warning CS8603: 媛?ν븳 null 李몄“ 諛섑솚?낅땲?? [C:\Users\ssuny\Desktop\Cusor_data\Captain_SkillTree\CaptainSkillTree\Captain_SkillTree.csproj]
C:\Users\ssuny\Desktop\Cusor_data\Captain_SkillTree\CaptainSkillTree\Plugin.cs(574,33): warning CS8625: Null 由ы꽣?댁쓣 null???덉슜?섏? ?딅뒗 李몄“ ?뺤떇?쇰줈 蹂?섑븷 ???놁뒿?덈떎. [C:\Users\ssuny\Desktop\Cusor_data\Captain_SkillTree\CaptainSkillTree\Captain_SkillTree.csproj]
C:\Users\ssuny\Desktop\Cusor_data\Captain_SkillTree\CaptainSkillTree\Plugin.cs(971,22): warning CS8602: null 媛??李몄“???????갭議곗엯?덈떎. [C:\Users\ssuny\Desktop\Cusor_data\Captain_SkillTree\CaptainSkillTree\Captain_SkillTree.csproj]
C:\Users\ssuny\Desktop\Cusor_data\Captain_SkillTree\CaptainSkillTree\Plugin.cs(131,55): warning CS8618: null???덉슜?섏? ?딅뒗 ?꾨뱶 'Log'?(?? ?앹꽦?먮? 醫낅즺????null???꾨땶 媛믪쓣 ?ы븿?댁빞 ?⑸땲?? 'required' ?쒖젙?먮? 異붽??섍굅???꾨뱶??瑜? nullable濡??좎뼵?섎뒗 寃껋씠 醫뗭뒿?덈떎. [C:\Users\ssuny\Desktop\Cusor_data\Captain_SkillTree\CaptainSkillTree\Captain_SkillTree.csproj]
C:\Users\ssuny\Desktop\Cusor_data\Captain_SkillTree\CaptainSkillTree\Plugin.cs(132,35): warning CS8618: null???덉슜?섏? ?딅뒗 ?꾨뱶 'skillTreeIconObj'?(?? ?앹꽦?먮? 醫낅즺????null???꾨땶 媛믪쓣 ?ы븿?댁빞 ?⑸땲?? 'required' ?쒖젙?먮? 異붽??섍굅???꾨뱶??瑜? nullable濡??좎뼵?섎뒗 寃껋씠 醫뗭뒿?덈떎. [C:\Users\ssuny\Desktop\Cusor_data\Captain_SkillTree\CaptainSkillTree\Captain_SkillTree.csproj]
C:\Users\ssuny\Desktop\Cusor_data\Captain_SkillTree\CaptainSkillTree\Plugin.cs(133,31): warning CS8618: null???덉슜?섏? ?딅뒗 ?꾨뱶 'swordIcon'?(?? ?앹꽦?먮? 醫낅즺????null???꾨땶 媛믪쓣 ?ы븿?댁빞 ?⑸땲?? 'required' ?쒖젙?먮? 異붽??섍굅???꾨뱶??瑜? nullable濡??좎뼵?섎뒗 寃껋씠 醫뗭뒿?덈떎. [C:\Users\ssuny\Desktop\Cusor_data\Captain_SkillTree\CaptainSkillTree\Captain_SkillTree.csproj]
C:\Users\ssuny\Desktop\Cusor_data\Captain_SkillTree\CaptainSkillTree\Plugin.cs(134,36): warning CS8618: null???덉슜?섏? ?딅뒗 ?꾨뱶 'iconAssetBundle'?(?? ?앹꽦?먮? 醫낅즺????null???꾨땶 媛믪쓣 ?ы븿?댁빞 ?⑸땲?? 'required' ?쒖젙?먮? 異붽??섍굅???꾨뱶??瑜? nullable濡??좎뼵?섎뒗 寃껋씠 醫뗭뒿?덈떎. [C:\Users\ssuny\Desktop\Cusor_data\Captain_SkillTree\CaptainSkillTree\Captain_SkillTree.csproj]
C:\Users\ssuny\Desktop\Cusor_data\Captain_SkillTree\CaptainSkillTree\Plugin.cs(135,36): warning CS8618: null???덉슜?섏? ?딅뒗 ?꾨뱶 'uiAssetBundle'?(?? ?앹꽦?먮? 醫낅즺????null???꾨땶 媛믪쓣 ?ы븿?댁빞 ?⑸땲?? 'required' ?쒖젙?먮? 異붽??섍굅???꾨뱶??瑜? nullable濡??좎뼵?섎뒗 寃껋씠 醫뗭뒿?덈떎. [C:\Users\ssuny\Desktop\Cusor_data\Captain_SkillTree\CaptainSkillTree\Captain_SkillTree.csproj]
C:\Users\ssuny\Desktop\Cusor_data\Captain_SkillTree\CaptainSkillTree\Plugin.cs(136,36): warning CS8618: null???덉슜?섏? ?딅뒗 ?꾨뱶 'xButtonBundle'?(?? ?앹꽦?먮? 醫낅즺????null???꾨땶 媛믪쓣 ?ы븿?댁빞 ?⑸땲?? 'required' ?쒖젙?먮? 異붽??섍굅???꾨뱶??瑜? nullable濡??좎뼵?섎뒗 寃껋씠 醫뗭뒿?덈떎. [C:\Users\ssuny\Desktop\Cusor_data\Captain_SkillTree\CaptainSkillTree\Captain_SkillTree.csproj]
C:\Users\ssuny\Desktop\Cusor_data\Captain_SkillTree\CaptainSkillTree\Plugin.cs(137,36): warning CS8618: null???덉슜?섏? ?딅뒗 ?꾨뱶 'customIconBundle'?(?? ?앹꽦?먮? 醫낅즺????null???꾨땶 媛믪쓣 ?ы븿?댁빞 ?⑸땲?? 'required' ?쒖젙?먮? 異붽??섍굅???꾨뱶??瑜? nullable濡??좎뼵?섎뒗 寃껋씠 醫뗭뒿?덈떎. [C:\Users\ssuny\Desktop\Cusor_data\Captain_SkillTree\CaptainSkillTree\Captain_SkillTree.csproj]
C:\Users\ssuny\Desktop\Cusor_data\Captain_SkillTree\CaptainSkillTree\Plugin.cs(138,36): warning CS8618: null???덉슜?섏? ?딅뒗 ?꾨뱶 'tauntEffectsBundle'?(?? ?앹꽦?먮? 醫낅즺????null???꾨땶 媛믪쓣 ?ы븿?댁빞 ?⑸땲?? 'required' ?쒖젙?먮? 異붽??섍굅???꾨뱶??瑜? nullable濡??좎뼵?섎뒗 寃껋씠 醫뗭뒿?덈떎. [C:\Users\ssuny\Desktop\Cusor_data\Captain_SkillTree\CaptainSkillTree\Captain_SkillTree.csproj]
C:\Users\ssuny\Desktop\Cusor_data\Captain_SkillTree\CaptainSkillTree\Plugin.cs(140,57): warning CS8618: null???덉슜?섏? ?딅뒗 ?꾨뱶 'skillTreeUI'?(?? ?앹꽦?먮? 醫낅즺????null???꾨땶 媛믪쓣 ?ы븿?댁빞 ?⑸땲?? 'required' ?쒖젙?먮? 異붽??섍굅???꾨뱶??瑜? nullable濡??좎뼵?섎뒗 寃껋씠 醫뗭뒿?덈떎. [C:\Users\ssuny\Desktop\Cusor_data\Captain_SkillTree\CaptainSkillTree\Captain_SkillTree.csproj]
C:\Users\ssuny\Desktop\Cusor_data\Captain_SkillTree\CaptainSkillTree\Plugin.cs(141,31): warning CS8618: null???덉슜?섏? ?딅뒗 ?꾨뱶 'customSkillTreeIcon'?(?? ?앹꽦?먮? 醫낅즺????null???꾨땶 媛믪쓣 ?ы븿?댁빞 ?⑸땲?? 'required' ?쒖젙?먮? 異붽??섍굅???꾨뱶??瑜? nullable濡??좎뼵?섎뒗 寃껋씠 醫뗭뒿?덈떎. [C:\Users\ssuny\Desktop\Cusor_data\Captain_SkillTree\CaptainSkillTree\Captain_SkillTree.csproj]
C:\Users\ssuny\Desktop\Cusor_data\Captain_SkillTree\CaptainSkillTree\SkillTree\SkillEffect.cs(439,48): warning CS8600: null 由ы꽣???먮뒗 媛?ν븳 null 媛믪쓣 null???덉슜?섏? ?딅뒗 ?뺤떇?쇰줈 蹂?섑븯??以묒엯?덈떎. [C:\Users\ssuny\Desktop\Cusor_data\Captain_SkillTree\CaptainSkillTree\Captain_SkillTree.csproj]
C:\Users\ssuny\Desktop\Cusor_data\Captain_SkillTree\CaptainSkillTree\Gui\SkillTreeUI.cs(357,39): warning CS8600: null 由ы꽣???먮뒗 媛?ν븳 null 媛믪쓣 null???덉슜?섏? ?딅뒗 ?뺤떇?쇰줈 蹂?섑븯??以묒엯?덈떎. [C:\Users\ssuny\Desktop\Cusor_data\Captain_SkillTree\CaptainSkillTree\Captain_SkillTree.csproj]
C:\Users\ssuny\Desktop\Cusor_data\Captain_SkillTree\CaptainSkillTree\Gui\SkillTreeUI.cs(361,32): warning CS8602: null 媛??李몄“???????갭議곗엯?덈떎. [C:\Users\ssuny\Desktop\Cusor_data\Captain_SkillTree\CaptainSkillTree\Captain_SkillTree.csproj]
C:\Users\ssuny\Desktop\Cusor_data\Captain_SkillTree\CaptainSkillTree\Gui\SkillTreeUI.cs(577,20): warning CS8603: 媛?ν븳 null 李몄“ 諛섑솚?낅땲?? [C:\Users\ssuny\Desktop\Cusor_data\Captain_SkillTree\CaptainSkillTree\Captain_SkillTree.csproj]
C:\Users\ssuny\Desktop\Cusor_data\Captain_SkillTree\CaptainSkillTree\Gui\SkillTreeUI.cs(642,13): warning CS8602: null 媛??李몄“???????갭議곗엯?덈떎. [C:\Users\ssuny\Desktop\Cusor_data\Captain_SkillTree\CaptainSkillTree\Captain_SkillTree.csproj]
C:\Users\ssuny\Desktop\Cusor_data\Captain_SkillTree\CaptainSkillTree\Gui\SkillTreeUI.cs(643,13): warning CS8602: null 媛??李몄“???????갭議곗엯?덈떎. [C:\Users\ssuny\Desktop\Cusor_data\Captain_SkillTree\CaptainSkillTree\Captain_SkillTree.csproj]
C:\Users\ssuny\Desktop\Cusor_data\Captain_SkillTree\CaptainSkillTree\Gui\SkillTreeUI.cs(688,31): warning CS8600: null 由ы꽣???먮뒗 媛?ν븳 null 媛믪쓣 null???덉슜?섏? ?딅뒗 ?뺤떇?쇰줈 蹂?섑븯??以묒엯?덈떎. [C:\Users\ssuny\Desktop\Cusor_data\Captain_SkillTree\CaptainSkillTree\Captain_SkillTree.csproj]
C:\Users\ssuny\Desktop\Cusor_data\Captain_SkillTree\CaptainSkillTree\Gui\SkillTreeUI.cs(703,21): warning CS8602: null 媛??李몄“???????갭議곗엯?덈떎. [C:\Users\ssuny\Desktop\Cusor_data\Captain_SkillTree\CaptainSkillTree\Captain_SkillTree.csproj]
C:\Users\ssuny\Desktop\Cusor_data\Captain_SkillTree\CaptainSkillTree\SkillTree\SkillEffect.cs(1200,67): warning CS8625: Null 由ы꽣?댁쓣 null???덉슜?섏? ?딅뒗 李몄“ ?뺤떇?쇰줈 蹂?섑븷 ???놁뒿?덈떎. [C:\Users\ssuny\Desktop\Cusor_data\Captain_SkillTree\CaptainSkillTree\Captain_SkillTree.csproj]
C:\Users\ssuny\Desktop\Cusor_data\Captain_SkillTree\CaptainSkillTree\SkillTree\SkillTreeData.cs(864,29): warning CS8600: null 由ы꽣???먮뒗 媛?ν븳 null 媛믪쓣 null???덉슜?섏? ?딅뒗 ?뺤떇?쇰줈 蹂?섑븯??以묒엯?덈떎. [C:\Users\ssuny\Desktop\Cusor_data\Captain_SkillTree\CaptainSkillTree\Captain_SkillTree.csproj]
C:\Users\ssuny\Desktop\Cusor_data\Captain_SkillTree\CaptainSkillTree\SkillTree\SkillTreeManager.cs(20,29): warning CS0414: 'SkillTreeManager._dataIntegrityChecked' ?꾨뱶媛 ?좊떦?섏뿀吏留??ъ슜?섏? ?딆븯?듬땲?? [C:\Users\ssuny\Desktop\Cusor_data\Captain_SkillTree\CaptainSkillTree\Captain_SkillTree.csproj]
C:\Users\ssuny\Desktop\Cusor_data\Captain_SkillTree\CaptainSkillTree\SkillTree\SkillEffect.cs(114,35): error CS0021: []???ъ슜?섎뒗 ?몃뜳?깆쓣 'SkillEffect.SkillEffectData' ?뺤떇???앹뿉 ?곸슜?????놁뒿?덈떎. [C:\Users\ssuny\Desktop\Cusor_data\Captain_SkillTree\CaptainSkillTree\Captain_SkillTree.csproj]
C:\Users\ssuny\Desktop\Cusor_data\Captain_SkillTree\CaptainSkillTree\SkillTree\SkillTreeManager.cs(42,27): error CS0117: 'Debug'?먮뒗 'LogInfo'??????뺤쓽媛 ?ы븿?섏뼱 ?덉? ?딆뒿?덈떎. [C:\Users\ssuny\Desktop\Cusor_data\Captain_SkillTree\CaptainSkillTree\Captain_SkillTree.csproj]
C:\Users\ssuny\Desktop\Cusor_data\Captain_SkillTree\CaptainSkillTree\SkillTree\SkillEffect.cs(1487,71): error CS1628: 臾대챸 硫붿꽌?? ?뚮떎 ?? 荑쇰━ ???먮뒗 濡쒖뺄 ?⑥닔 ?덉뿉?쒕뒗 ref, out ?먮뒗 in 留ㅺ컻 蹂??'hit'??瑜? ?ъ슜?????놁뒿?덈떎. [C:\Users\ssuny\Desktop\Cusor_data\Captain_SkillTree\CaptainSkillTree\Captain_SkillTree.csproj]
C:\Users\ssuny\Desktop\Cusor_data\Captain_SkillTree\CaptainSkillTree\SkillTree\SkillTreeManager.cs(115,27): error CS0117: 'Debug'?먮뒗 'LogInfo'??????뺤쓽媛 ?ы븿?섏뼱 ?덉? ?딆뒿?덈떎. [C:\Users\ssuny\Desktop\Cusor_data\Captain_SkillTree\CaptainSkillTree\Captain_SkillTree.csproj]
C:\Users\ssuny\Desktop\Cusor_data\Captain_SkillTree\CaptainSkillTree\SkillTree\SkillTreeManager.cs(137,39): error CS0117: 'Debug'?먮뒗 'LogInfo'??????뺤쓽媛 ?ы븿?섏뼱 ?덉? ?딆뒿?덈떎. [C:\Users\ssuny\Desktop\Cusor_data\Captain_SkillTree\CaptainSkillTree\Captain_SkillTree.csproj]
C:\Users\ssuny\Desktop\Cusor_data\Captain_SkillTree\CaptainSkillTree\SkillTree\SkillTreeManager.cs(159,35): error CS0117: 'Debug'?먮뒗 'LogInfo'??????뺤쓽媛 ?ы븿?섏뼱 ?덉? ?딆뒿?덈떎. [C:\Users\ssuny\Desktop\Cusor_data\Captain_SkillTree\CaptainSkillTree\Captain_SkillTree.csproj]
C:\Users\ssuny\Desktop\Cusor_data\Captain_SkillTree\CaptainSkillTree\SkillTree\SkillTreeManager.cs(180,31): error CS0117: 'Debug'?먮뒗 'LogInfo'??????뺤쓽媛 ?ы븿?섏뼱 ?덉? ?딆뒿?덈떎. [C:\Users\ssuny\Desktop\Cusor_data\Captain_SkillTree\CaptainSkillTree\Captain_SkillTree.csproj]
C:\Users\ssuny\Desktop\Cusor_data\Captain_SkillTree\CaptainSkillTree\SkillTree\SkillTreeManager.cs(295,23): error CS0117: 'Debug'?먮뒗 'LogInfo'??????뺤쓽媛 ?ы븿?섏뼱 ?덉? ?딆뒿?덈떎. [C:\Users\ssuny\Desktop\Cusor_data\Captain_SkillTree\CaptainSkillTree\Captain_SkillTree.csproj]
C:\Users\ssuny\Desktop\Cusor_data\Captain_SkillTree\CaptainSkillTree\SkillTree\SkillEffect.cs(824,41): error CS1069: ?ㅼ엫?ㅽ럹?댁뒪 'UnityEngine'???뺤떇 ?대쫫 'Rigidbody'??媛) ?놁뒿?덈떎. ???뺤떇? 'UnityEngine.PhysicsModule, Version=0.0.0.0, Culture=neutral, PublicKeyToken=null' ?댁뀍釉붾━???꾨떖?섏뿀?듬땲?? ?대떦 ?댁뀍釉붾━?????李몄“瑜?異붽??섏꽭?? [C:\Users\ssuny\Desktop\Cusor_data\Captain_SkillTree\CaptainSkillTree\Captain_SkillTree.csproj]
C:\Users\ssuny\Desktop\Cusor_data\Captain_SkillTree\CaptainSkillTree\SkillTree\SkillEffect.cs(826,41): error CS1069: ?ㅼ엫?ㅽ럹?댁뒪 'UnityEngine'???뺤떇 ?대쫫 'Rigidbody'??媛) ?놁뒿?덈떎. ???뺤떇? 'UnityEngine.PhysicsModule, Version=0.0.0.0, Culture=neutral, PublicKeyToken=null' ?댁뀍釉붾━???꾨떖?섏뿀?듬땲?? ?대떦 ?댁뀍釉붾━?????李몄“瑜?異붽??섏꽭?? [C:\Users\ssuny\Desktop\Cusor_data\Captain_SkillTree\CaptainSkillTree\Captain_SkillTree.csproj]
C:\Users\ssuny\Desktop\Cusor_data\Captain_SkillTree\CaptainSkillTree\SkillTree\SkillEffect.cs(826,79): error CS0103: 'ForceMode' ?대쫫???꾩옱 而⑦뀓?ㅽ듃???놁뒿?덈떎. [C:\Users\ssuny\Desktop\Cusor_data\Captain_SkillTree\CaptainSkillTree\Captain_SkillTree.csproj]
    寃쎄퀬 53媛?
    ?ㅻ쪟 11媛?

寃쎄낵 ?쒓컙: 00:00:01.02

?뚰겕濡쒕뱶 ?낅뜲?댄듃瑜??ъ슜?????덉뒿?덈떎. ?먯꽭???댁슜??蹂대젮硫?`dotnet workload list`???ㅽ뻾?섏꽭??
